
[1m[46m RUN [49m[22m [36mv4.0.18 [39m[90mD:/CODES/FlowLite/frontend[39m

stderr | src/test/AuthContext.test.jsx > AuthContext > provides unauthenticated state initially
ΓÜá∩╕Å React Router Future Flag Warning: React Router will begin wrapping state updates in `React.startTransition` in v7. You can use the `v7_startTransition` future flag to opt-in early. For more information, see https://reactrouter.com/v6/upgrading/future#v7_starttransition.
ΓÜá∩╕Å React Router Future Flag Warning: Relative route resolution within Splat routes is changing in v7. You can use the `v7_relativeSplatPath` future flag to opt-in early. For more information, see https://reactrouter.com/v6/upgrading/future#v7_relativesplatpath.

Error: useAuth must be used within an AuthProvider
    at Module.useAuth (D:/CODES/FlowLite/frontend/src/context/AuthContext.jsx:9:15)
    at TestConsumer (D:/CODES/FlowLite/frontend/src/test/AuthContext.test.jsx:20:18)
    at renderWithHooks (D:\CODES\FlowLite\frontend\node_modules\react-dom\cjs\react-dom.development.js:15486:18)
    at mountIndeterminateComponent (D:\CODES\FlowLite\frontend\node_modules\react-dom\cjs\react-dom.development.js:20103:13)
    at beginWork (D:\CODES\FlowLite\frontend\node_modules\react-dom\cjs\react-dom.development.js:21626:16)
    at HTMLUnknownElement.callCallback (D:\CODES\FlowLite\frontend\node_modules\react-dom\cjs\react-dom.development.js:4164:14)
    at HTMLUnknownElement.callTheUserObjectsOperation (D:\CODES\FlowLite\frontend\node_modules\jsdom\lib\generated\idl\EventListener.js:26:30)
    at innerInvokeEventListeners (D:\CODES\FlowLite\frontend\node_modules\jsdom\lib\jsdom\living\events\EventTarget-impl.js:360:16)
    at invokeEventListeners (D:\CODES\FlowLite\frontend\node_modules\jsdom\lib\jsdom\living\events\EventTarget-impl.js:296:3)
    at HTMLUnknownElementImpl._dispatch (D:\CODES\FlowLite\frontend\node_modules\jsdom\lib\jsdom\living\events\EventTarget-impl.js:243:9)
Error: useAuth must be used within an AuthProvider
    at Module.useAuth (D:/CODES/FlowLite/frontend/src/context/AuthContext.jsx:9:15)
    at TestConsumer (D:/CODES/FlowLite/frontend/src/test/AuthContext.test.jsx:20:18)
    at renderWithHooks (D:\CODES\FlowLite\frontend\node_modules\react-dom\cjs\react-dom.development.js:15486:18)
    at mountIndeterminateComponent (D:\CODES\FlowLite\frontend\node_modules\react-dom\cjs\react-dom.development.js:20103:13)
    at beginWork (D:\CODES\FlowLite\frontend\node_modules\react-dom\cjs\react-dom.development.js:21626:16)
    at HTMLUnknownElement.callCallback (D:\CODES\FlowLite\frontend\node_modules\react-dom\cjs\react-dom.development.js:4164:14)
    at HTMLUnknownElement.callTheUserObjectsOperation (D:\CODES\FlowLite\frontend\node_modules\jsdom\lib\generated\idl\EventListener.js:26:30)
    at innerInvokeEventListeners (D:\CODES\FlowLite\frontend\node_modules\jsdom\lib\jsdom\living\events\EventTarget-impl.js:360:16)
    at invokeEventListeners (D:\CODES\FlowLite\frontend\node_modules\jsdom\lib\jsdom\living\events\EventTarget-impl.js:296:3)
    at HTMLUnknownElementImpl._dispatch (D:\CODES\FlowLite\frontend\node_modules\jsdom\lib\jsdom\living\events\EventTarget-impl.js:243:9)
 [32mΓ£ô[39m src/test/AuthContext.test.jsx[2m > [22mAuthContext[2m > [22mprovides unauthenticated state initially[32m 63[2mms[22m[39m
 [32mΓ£ô[39m src/test/AuthContext.test.jsx[2m > [22mAuthContext[2m > [22mrestores user from localStorage[32m 12[2mms[22m[39m
 [32mΓ£ô[39m src/test/AuthContext.test.jsx[2m > [22mAuthContext[2m > [22mthrows error when useAuth used outside provider[32m 33[2mms[22m[39m
 [32mΓ£ô[39m src/test/CreateTaskModal.test.jsx[2m > [22mCreateTaskModal Component[2m > [22mdoes not render when closed[32m 34[2mms[22m[39m
 [32mΓ£ô[39m src/test/CreateTaskModal.test.jsx[2m > [22mCreateTaskModal Component[2m > [22mrenders when open[32m 109[2mms[22m[39m
 [32mΓ£ô[39m src/test/CreateTaskModal.test.jsx[2m > [22mCreateTaskModal Component[2m > [22mrenders form fields[32m 24[2mms[22m[39m
stderr | src/test/Login.test.jsx > Login Page > renders login form
ΓÜá∩╕Å React Router Future Flag Warning: React Router will begin wrapping state updates in `React.startTransition` in v7. You can use the `v7_startTransition` future flag to opt-in early. For more information, see https://reactrouter.com/v6/upgrading/future#v7_starttransition.
ΓÜá∩╕Å React Router Future Flag Warning: Relative route resolution within Splat routes is changing in v7. You can use the `v7_relativeSplatPath` future flag to opt-in early. For more information, see https://reactrouter.com/v6/upgrading/future#v7_relativesplatpath.

 [32mΓ£ô[39m src/test/Login.test.jsx[2m > [22mLogin Page[2m > [22mrenders login form[33m 508[2mms[22m[39m
 [32mΓ£ô[39m src/test/TaskCard.test.jsx[2m > [22mTaskCard Component[2m > [22mrenders task title and priority badge[32m 100[2mms[22m[39m
 [32mΓ£ô[39m src/test/TaskCard.test.jsx[2m > [22mTaskCard Component[2m > [22mrenders assignee info[32m 18[2mms[22m[39m
 [32mΓ£ô[39m src/test/TaskCard.test.jsx[2m > [22mTaskCard Component[2m > [22mrenders description[32m 13[2mms[22m[39m
 [32mΓ£ô[39m src/test/TaskCard.test.jsx[2m > [22mTaskCard Component[2m > [22mrenders project name when present[32m 12[2mms[22m[39m
 [32mΓ£ô[39m src/test/TaskCard.test.jsx[2m > [22mTaskCard Component[2m > [22mrenders with different priority styles[32m 43[2mms[22m[39m
 [32mΓ£ô[39m src/test/Login.test.jsx[2m > [22mLogin Page[2m > [22mshows validation for empty fields[32m 143[2mms[22m[39m
 [32mΓ£ô[39m src/test/Login.test.jsx[2m > [22mLogin Page[2m > [22mcalls login on form submission[32m 228[2mms[22m[39m
 [32mΓ£ô[39m src/test/Login.test.jsx[2m > [22mLogin Page[2m > [22mdisplays error message on failed login[32m 127[2mms[22m[39m
 [31m├ù[39m src/test/CreateTaskModal.test.jsx[2m > [22mCreateTaskModal Component[2m > [22mshows template selector when templates exist[33m 1052[2mms[22m[39m
[31m   ΓåÆ Unable to find an element with the text: Use Template. This could be because the text is broken up by multiple elements. In this case, you can provide a function for your text matcher to make your matcher more flexible.

Ignored nodes: comments, script, style
[36m<body>[31m
  [36m<div>[31m
    [36m<div[31m
      [33mclass[31m=[32m"fixed inset-0 z-50 flex items-center justify-center p-4"[31m
    [36m>[31m
      [36m<div[31m
        [33mclass[31m=[32m"absolute inset-0 bg-black/60 backdrop-blur-sm"[31m
      [36m/>[31m
      [36m<div[31m
        [33mclass[31m=[32m"relative w-full max-w-lg max-h-[90vh] overflow-hidden glass rounded-2xl shadow-2xl"[31m
      [36m>[31m
        [36m<div[31m
          [33mclass[31m=[32m"flex items-center justify-between p-6 border-b border-slate-700/50"[31m
        [36m>[31m
          [36m<h2[31m
            [33mclass[31m=[32m"text-xl font-semibold text-slate-100"[31m
          [36m>[31m
            [0mCreate New Task[0m
          [36m</h2>[31m
          [36m<button[31m
            [33mclass[31m=[32m"p-2 rounded-lg hover:bg-slate-700/50 transition-colors"[31m
          [36m>[31m
            [36m<svg[31m
              [33mclass[31m=[32m"lucide lucide-x h-5 w-5 text-slate-400"[31m
              [33mfill[31m=[32m"none"[31m
              [33mheight[31m=[32m"24"[31m
              [33mstroke[31m=[32m"currentColor"[31m
              [33mstroke-linecap[31m=[32m"round"[31m
              [33mstroke-linejoin[31m=[32m"round"[31m
              [33mstroke-width[31m=[32m"2"[31m
              [33mviewBox[31m=[32m"0 0 24 24"[31m
              [33mwidth[31m=[32m"24"[31m
              [33mxmlns[31m=[32m"http://www.w3.org/2000/svg"[31m
            [36m>[31m
              [36m<path[31m
                [33md[31m=[32m"M18 6 6 18"[31m
              [36m/>[31m
              [36m<path[31m
                [33md[31m=[32m"m6 6 12 12"[31m
              [36m/>[31m
            [36m</svg>[31m
          [36m</button>[31m
        [36m</div>[31m
        [36m<form[31m
          [33mclass[31m=[32m"p-6 space-y-5 overflow-y-auto max-h-[calc(90vh-140px)]"[31m
        [36m>[31m
          [36m<div>[31m
            [36m<label[31m
              [33mclass[31m=[32m"block text-sm font-medium text-slate-300 mb-2"[31m
            [36m>[31m
              [0mTitle [0m
              [36m<span[31m
                [33mclass[31m=[32m"text-red-400"[31m
              [36m>[31m
                [0m*[0m
              [36m</span>[31m
            [36m</label>[31m
            [36m<input[31m
              [33mclass[31m=[32m"input-field"[31m
              [33mplaceholder[31m=[32m"Enter task title"[31m
              [33mrequired[31m=[32m""[31m
              [33mtype[31m=[32m"text"[31m
              [33mvalue[31m=[32m""[31m
            [36m/>[31m
          [36m</div>[31m
          [36m<div>[31m
            [36m<label[31m
              [33mclass[31m=[32m"block text-sm font-medium text-slate-300 mb-2"[31m
            [36m>[31m
              [0mDescription[0m
            [36m</label>[31m
            [36m<textarea[31m
              [33mclass[31m=[32m"input-field resize-none"[31m
              [33mplaceholder[31m=[32m"Enter task description"[31m
              [33mrows[31m=[32m"3"[31m
            [36m/>[31m
          [36m</div>[31m
          [36m<div>[31m
            [36m<label[31m
              [33mclass[31m=[32m"block text-sm font-medium text-slate-300 mb-2"[31m
            [36m>[31m
              [0mPriority [0m
              [36m<span[31m
                [33mclass[31m=[32m"text-red-400"[31m
              [36m>[31m
                [0m*[0m
              [36m</span>[31m
            [36m</label>[31m
            [36m<select[31m
              [33mclass[31m=[32m"input-field"[31m
              [33mrequired[31m=[32m""[31m
            [36m>[31m
              [36m<option[31m
                [33mvalue[31m=[32m"LOW"[31m
              [36m>[31m
                [0mLow[0m
              [36m</option>[31m
              [36m<option[31m
                [33mvalue[31m=[32m"MEDIUM"[31m
              [36m>[31m
                [0mMedium[0m
              [36m</option>[31m
              [36m<option[31m
                [33mvalue[31m=[32m"HIGH"[31m
              [36m>[31m
                [0mHigh[0m
              [36m</option>[31m
            [36m</select>[31m
          [36m</div>[31m
          [36m<div>[31m
            [36m<label[31m
              [33mclass[31m=[32m"block text-sm font-medium text-slate-300 mb-2"[31m
            [36m>[31m
              [0mBoard [0m
              [36m<span[31m
                [33mclass[31m=[32m"text-red-400"[31m
              [36m>[31m
                [0m*[0m
              [36m</span>[31m
            [36m</label>[31m
            [36m<select[31m
              [33mclass[31m=[32m"input-field"[31m
              [33mrequired[31m=[32m""[31m
            [36m>[31m
              [36m<option[31m
                [33mvalue[31m=[32m""[31m
              [36m>[31m
                [0mSelect a board...[0m
              [36m</option>[31m
            [36m</select>[31m
          [36m</div>[31m
          [36m<div>[31m
            [36m<label[31m
              [33mclass[31m=[32m"block text-sm font-medium text-slate-300 mb-2"[31m
            [36m>[31m
              [0mProject [0m
              [36m<span[31m
                [33mclass[31m=[32m"text-slate-500"[31m
              [36m>[31m
                [0m(optional)[0m
              [36m</span>[31m
            [36m</label>[31m
            [36m<select[31m
              [33mclass[31m=[32m"input-field"[31m
            [36m>[31m
              [36m<option[31m
                [33mvalue[31m=[32m""[31m
              [36m>[31m
                [0mNo project[0m
              [36m</option>[31m
            [36m</select>[31m
          [36m</div>[31m
          [36m<div>[31m
            [36m<label[31m
              [33mclass[31m=[32m"block text-sm font-medium text-slate-300 mb-2"[31m
            [36m>[31m
              [0mAssignee [0m
              [36m<span[31m
                [33mclass[31m=[32m"text-slate-500"[31m
              [36m>[31m
                [0m(optional)[0m
              [36m</span>[31m
            [36m</label>[31m
            [36m<select[31m
              [33mclass[31m=[32m"input-field"[31m
            [36m>[31m
              [36m<option[31m
                [33mvalue[31m=[32m""[31m
              [36m>[31m
                [0mUnassigned[0m
              [36m</option>[31m
            [36m</select>[31m
          [36m</div>[31m
          [36m<div>[31m
            [36m<label[31m
              [33mclass[31m=[32m"block text-sm font-medium text-slate-300 mb-2"[31m
            [36m>[31m
              [0mApprover [0m
              [36m<span[31m
                [33mclass[31m=[32m"text-slate-500"[31m
              [36m>[31m
                [0m(Team Lead / Admin)[0m
              [36m</span>[31m
            [36m</label>[31m
            [36m<select[31m
              [33mclass[31m=[32m"input-field"[31m
            [36m>[31m
              [36m<option[31m
                [33mvalue[31m=[32m""[31m
              [36m>[31m
                [0mNo approver[0m
              [36m</option>[31m
            [36m</select>[31m
          [36m</div>[31m
          [36m<div>[31m
            [36m<label[31m
              [33mclass[31m=[32m"block text-sm font-medium text-slate-300 mb-2"[31m
            [36m>[31m
              [0mDue Date [0m
              [36m<span[31m
                [33mclass[31m=[32m"text-slate-500"[31m
              [36m>[31m
                [0m(optional)[0m
              [36m</span>[31m
            [36m</label>[31m
            [36m<input[31m
              [33mclass[31m=[32m"input-field"[31m
              [33mtype[31m=[32m"date"[31m
              [33mvalue[31m=[32m""[31m
            [36m/>[31m
          [36m</div>[31m
          [36m<div[31m
            [33mclass[31m=[32m"flex gap-3 pt-2"[31m
          [36m>[31m
            [36m<button[31m
              [33mclass[31m=[32m"flex-1 btn-secondary"[31m
              [33mtype[31m=[32m"button"[31m
            [36m>[31m
              [0mCancel[0m
            [36m</button>[31m
            [36m<button[31m
              [33mclass[31m=[32m"flex-1 btn-primary flex items-center justify-center gap-2"[31m
              [33mtype[31m=[32m"submit"[31m
            [36m>[31m
              [36m<svg[31m
                [33mclass[31m=[32m"lucide lucide-plus h-4 w-4"[31m
                [33mfill[31m=[32m"none"[31m
                [33mheight[31m=[32m"24"[31m
                [33mstroke[31m=[32m"currentColor"[31m
                [33mstroke-linecap[31m=[32m"round"[31m
                [33mstroke-linejoin[31m=[32m"round"[31m
                [33mstroke-width[31m=[32m"2"[31m
                [33mviewBox[31m=[32m"0 0 24 24"[31m
                [33mwidth[31m=[32m"24"[31m
                [33mxmlns[31m=[32m"http://www.w3.org/2000/svg"[31m
              [36m>[31m
                [36m<path[31m
                  [33md[31m=[32m"M5 12h14"[31m
                [36m/>[31m
                [36m<path[31m
                  [33md[31m=[32m"M12 5v14"[31m
                [36m/>[31m
              [36m</svg>[31m
              [0mCreate Task[0m
            [36m</button>[31m
          [36m</div>[31m
        [36m</form>[31m
      [36m</div>[31m
    [36m</div>[31m
  [36m</div>[31m
[36m</body>[31m

Ignored nodes: comments, script, style
[36m<html>[31m
  [36m<head />[31m
  [36m<body>[31m
    [36m<div>[31m
      [36m<div[31m
        [33mclass[31m=[32m"fixed inset-0 z-50 flex items-center justify-center p-4"[31m
      [36m>[31m
        [36m<div[31m
          [33mclass[31m=[32m"absolute inset-0 bg-black/60 backdrop-blur-sm"[31m
        [36m/>[31m
        [36m<div[31m
          [33mclass[31m=[32m"relative w-full max-w-lg max-h-[90vh] overflow-hidden glass rounded-2xl shadow-2xl"[31m
        [36m>[31m
          [36m<div[31m
            [33mclass[31m=[32m"flex items-center justify-between p-6 border-b border-slate-700/50"[31m
          [36m>[31m
            [36m<h2[31m
              [33mclass[31m=[32m"text-xl font-semibold text-slate-100"[31m
            [36m>[31m
              [0mCreate New Task[0m
            [36m</h2>[31m
            [36m<button[31m
              [33mclass[31m=[32m"p-2 rounded-lg hover:bg-slate-700/50 transition-colors"[31m
            [36m>[31m
              [36m<svg[31m
                [33mclass[31m=[32m"lucide lucide-x h-5 w-5 text-slate-400"[31m
                [33mfill[31m=[32m"none"[31m
                [33mheight[31m=[32m"24"[31m
                [33mstroke[31m=[32m"currentColor"[31m
                [33mstroke-linecap[31m=[32m"round"[31m
                [33mstroke-linejoin[31m=[32m"round"[31m
                [33mstroke-width[31m=[32m"2"[31m
                [33mviewBox[31m=[32m"0 0 24 24"[31m
                [33mwidth[31m=[32m"24"[31m
                [33mxmlns[31m=[32m"http://www.w3.org/2000/svg"[31m
              [36m>[31m
                [36m<path[31m
                  [33md[31m=[32m"M18 6 6 18"[31m
                [36m/>[31m
                [36m<path[31m
                  [33md[31m=[32m"m6 6 12 12"[31m
                [36m/>[31m
              [36m</svg>[31m
            [36m</button>[31m
          [36m</div>[31m
          [36m<form[31m
            [33mclass[31m=[32m"p-6 space-y-5 overflow-y-auto max-h-[calc(90vh-140px)]"[31m
          [36m>[31m
            [36m<div>[31m
              [36m<label[31m
                [33mclass[31m=[32m"block text-sm font-medium text-slate-300 mb-2"[31m
              [36m>[31m
                [0mTitle [0m
                [36m<span[31m
                  [33mclass[31m=[32m"text-red-400"[31m
                [36m>[31m
                  [0m*[0m
                [36m</span>[31m
              [36m</label>[31m
              [36m<input[31m
                [33mclass[31m=[32m"input-field"[31m
                [33mplaceholder[31m=[32m"Enter task title"[31m
                [33mrequired[31m=[32m""[31m
                [33mtype[31m=[32m"text"[31m
                [33mvalue[31m=[32m""[31m
              [36m/>[31m
            [36m</div>[31m
            [36m<div>[31m
              [36m<label[31m
                [33mclass[31m=[32m"block text-sm font-medium text-slate-300 mb-2"[31m
              [36m>[31m
                [0mDescription[0m
              [36m</label>[31m
              [36m<textarea[31m
                [33mclass[31m=[32m"input-field resize-none"[31m
                [33mplaceholder[31m=[32m"Enter task description"[31m
                [33mrows[31m=[32m"3"[31m
              [36m/>[31m
            [36m</div>[31m
            [36m<div>[31m
              [36m<label[31m
                [33mclass[31m=[32m"block text-sm font-medium text-slate-300 mb-2"[31m
              [36m>[31m
                [0mPriority [0m
                [36m<span[31m
                  [33mclass[31m=[32m"text-red-400"[31m
                [36m>[31m
                  [0m*[0m
                [36m</span>[31m
              [36m</label>[31m
              [36m<select[31m
                [33mclass[31m=[32m"input-field"[31m
                [33mrequired[31m=[32m""[31m
              [36m>[31m
                [36m<option[31m
                  [33mvalue[31m=[32m"LOW"[31m
                [36m>[31m
                  [0mLow[0m
                [36m</option>[31m
                [36m<option[31m
                  [33mvalue[31m=[32m"MEDIUM"[31m
                [36m>[31m
                  [0mMedium[0m
                [36m</option>[31m
                [36m<option[31m
                  [33mvalue[31m=[32m"HIGH"[31m
                [36m>[31m
                  [0mHigh[0m
                [36m</option>[31m
              [36m</select>[31m
            [36m</div>[31m
            [36m<div>[31m
              [36m<label[31m
                [33mclass[31m=[32m"block text-sm font-medium text-slate-300 mb-2"[31m
              [36m>[31m
                [0mBoard [0m
                [36m<span[31m
                  [33mclass[31m=[32m"text-red-400"[31m
                [36m>[31m
                  [0m*[0m
                [36m</span>[31m
              [36m</label>[31m
              [36m<select[31m
                [33mclass[31m=[32m"input-field"[31m
                [33mrequired[31m=[32m""[31m
              [36m>[31m
                [36m<option[31m
                  [33mvalue[31m=[32m""[31m
                [36m>[31m
                  [0mSelect a board...[0m
                [36m</option>[31m
              [36m</select>[31m
            [36m</div>[31m
            [36m<div>[31m
              [36m<label[31m
                [33mclass[31m=[32m"block text-sm font-medium text-slate-300 mb-2"[31m
              [36m>[31m
                [0mProject [0m
                [36m<span[31m
                  [33mclass[31m=[32m"text-slate-500"[31m
                [36m>[31m
                  [0m(optional)[0m
                [36m</span>[31m
              [36m</label>[31m
              [36m<select[31m
                [33mclass[31m=[32m"input-field"[31m
              [36m>[31m
                [36m<option[31m
                  [33mvalue[31m=[32m""[31m
                [36m>[31m
                  [0mNo project[0m
                [36m</option>[31m
              [36m</select>[31m
            [36m</div>[31m
            [36m<div>[31m
              [36m<label[31m
                [33mclass[31m=[32m"block text-sm font-medium text-slate-300 mb-2"[31m
              [36m>[31m
                [0mAssignee [0m
                [36m<span[31m
                  [33mclass[31m=[32m"text-slate-500"[31m
                [36m>[31m
                  [0m(optional)[0m
                [36m</span>[31m
              [36m</label>[31m
              [36m<select[31m
                [33mclass[31m=[32m"input-field"[31m
              [36m>[31m
                [36m<option[31m
                  [33mvalue[31m=[32m""[31m
                [36m>[31m
                  [0mUnassigned[0m
                [36m</option>[31m
              [36m</select>[31m
            [36m</div>[31m
            [36m<div>[31m
              [36m<label[31m
                [33mclass[31m=[32m"block text-sm font-medium text-slate-300 mb-2"[31m
              [36m>[31m
                [0mApprover [0m
                [36m<span[31m
                  [33mclass[31m=[32m"text-slate-500"[31m
                [36m>[31m
                  [0m(Team Lead / Admin)[0m
                [36m</span>[31m
              [36m</label>[31m
              [36m<select[31m
                [33mclass[31m=[32m"input-field"[31m
              [36m>[31m
                [36m<option[31m
                  [33mvalue[31m=[32m""[31m
                [36m>[31m
                  [0mNo approver[0m
                [36m</option>[31m
              [36m</select>[31m
            [36m</div>[31m
            [36m<div>[31m
              [36m<label[31m
                [33mclass[31m=[32m"block text-sm font-medium text-slate-300 mb-2"[31m
              [36m>[31m
                [0mDue Date [0m
                [36m<span[31m
                  [33mclass[31m=[32m"text-slate-500"[31m
                [36m>[31m
                  [0m(optional)[0m
                [36m</span>[31m
              [36m</label>[31m
              [36m<input[31m
                [33mclass[31m=[32m"input-field"[31m
                [33mtype[31m=[32m"date"[31m
                [33mvalue[31m=[32m""[31m
              [36m/>[31m
            [36m</div>[31m
            [36m<div[31m
              [33mclass[31m=[32m"flex gap-3 pt-2"[31m
            [36m>[31m
              [36m<button[31m
                [33mclass[31m=[32m"flex-1 btn-secondary"[31m
                [33mtype[31m=[32m"button"[31m
              [36m>[31m
                [0mCancel[0m
              [36m</button>[31m
              [36m<button[31m
                [33mclass[31m=[32m"flex-1 btn-primary flex items-center justify-center gap-2"[31m
                [33mtype[31m=[32m"submit"[31m
              [36m>[31m
                [36m<svg[31m
                  [33mclass[31m=[32m"lucide lucide-plus h-4 w-4"[31m
                  [33mfill[31m=[32m"none"[31m
                  [33mheight[31m=[32m"24"[31m
                  [33mstroke[31m=[32m"currentColor"[31m
                  [33mstroke-linecap[31m=[32m"round"[31m
                  [33mstroke-linejoin[31m=[32m"round"[31m
                  [33mstroke-width[31m=[32m"2"[31m
                  [33mviewBox[31m=[32m"0 0 24 24"[31m
                  [33mwidth[31m=[32m"24"[31m
                  [33mxmlns[31m=[32m"http://www.w3.org/2000/svg"[31m
                [36m>[31m
                  [36m<path[31m
                    [33md[31m=[32m"M5 12h14"[31m
                  [36m/>[31m
                  [36m<path[31m
                    [33md[31m=[32m"M12 5v14"[31m
                  [36m/>[31m
                [36m</svg>[31m
                [0mCreate Task[0m
              [36m</button>[31m
            [36m</div>[31m
          [36m</form>[31m
        [36m</div>[31m
      [36m</div>[31m
    [36m</div>[31m
  [36m</body>[31m
[36m</html>[31m[39m
 [31m├ù[39m src/test/CreateTaskModal.test.jsx[2m > [22mCreateTaskModal Component[2m > [22msubmits form with task data[33m 1033[2mms[22m[39m
[31m   ΓåÆ expected "vi.fn()" to be called with arguments: [ '/tasks', ObjectContaining{ΓÇª} ][90m

Number of calls: [1m0[22m
[31m

Ignored nodes: comments, script, style
[36m<html>[31m
  [36m<head />[31m
  [36m<body>[31m
    [36m<div>[31m
      [36m<div[31m
        [33mclass[31m=[32m"fixed inset-0 z-50 flex items-center justify-center p-4"[31m
      [36m>[31m
        [36m<div[31m
          [33mclass[31m=[32m"absolute inset-0 bg-black/60 backdrop-blur-sm"[31m
        [36m/>[31m
        [36m<div[31m
          [33mclass[31m=[32m"relative w-full max-w-lg max-h-[90vh] overflow-hidden glass rounded-2xl shadow-2xl"[31m
        [36m>[31m
          [36m<div[31m
            [33mclass[31m=[32m"flex items-center justify-between p-6 border-b border-slate-700/50"[31m
          [36m>[31m
            [36m<h2[31m
              [33mclass[31m=[32m"text-xl font-semibold text-slate-100"[31m
            [36m>[31m
              [0mCreate New Task[0m
            [36m</h2>[31m
            [36m<button[31m
              [33mclass[31m=[32m"p-2 rounded-lg hover:bg-slate-700/50 transition-colors"[31m
            [36m>[31m
              [36m<svg[31m
                [33mclass[31m=[32m"lucide lucide-x h-5 w-5 text-slate-400"[31m
                [33mfill[31m=[32m"none"[31m
                [33mheight[31m=[32m"24"[31m
                [33mstroke[31m=[32m"currentColor"[31m
                [33mstroke-linecap[31m=[32m"round"[31m
                [33mstroke-linejoin[31m=[32m"round"[31m
                [33mstroke-width[31m=[32m"2"[31m
                [33mviewBox[31m=[32m"0 0 24 24"[31m
                [33mwidth[31m=[32m"24"[31m
                [33mxmlns[31m=[32m"http://www.w3.org/2000/svg"[31m
              [36m>[31m
                [36m<path[31m
                  [33md[31m=[32m"M18 6 6 18"[31m
                [36m/>[31m
                [36m<path[31m
                  [33md[31m=[32m"m6 6 12 12"[31m
                [36m/>[31m
              [36m</svg>[31m
            [36m</button>[31m
          [36m</div>[31m
          [36m<form[31m
            [33mclass[31m=[32m"p-6 space-y-5 overflow-y-auto max-h-[calc(90vh-140px)]"[31m
          [36m>[31m
            [36m<div>[31m
              [36m<label[31m
                [33mclass[31m=[32m"block text-sm font-medium text-slate-300 mb-2"[31m
              [36m>[31m
                [0mTitle [0m
                [36m<span[31m
                  [33mclass[31m=[32m"text-red-400"[31m
                [36m>[31m
                  [0m*[0m
                [36m</span>[31m
              [36m</label>[31m
              [36m<input[31m
                [33mclass[31m=[32m"input-field"[31m
                [33mplaceholder[31m=[32m"Enter task title"[31m
                [33mrequired[31m=[32m""[31m
                [33mtype[31m=[32m"text"[31m
                [33mvalue[31m=[32m"New Task"[31m
              [36m/>[31m
            [36m</div>[31m
            [36m<div>[31m
              [36m<label[31m
                [33mclass[31m=[32m"block text-sm font-medium text-slate-300 mb-2"[31m
              [36m>[31m
                [0mDescription[0m
              [36m</label>[31m
              [36m<textarea[31m
                [33mclass[31m=[32m"input-field resize-none"[31m
                [33mplaceholder[31m=[32m"Enter task description"[31m
                [33mrows[31m=[32m"3"[31m
              [36m/>[31m
            [36m</div>[31m
            [36m<div>[31m
              [36m<label[31m
                [33mclass[31m=[32m"block text-sm font-medium text-slate-300 mb-2"[31m
              [36m>[31m
                [0mPriority [0m
                [36m<span[31m
                  [33mclass[31m=[32m"text-red-400"[31m
                [36m>[31m
                  [0m*[0m
                [36m</span>[31m
              [36m</label>[31m
              [36m<select[31m
                [33mclass[31m=[32m"input-field"[31m
                [33mrequired[31m=[32m""[31m
              [36m>[31m
                [36m<option[31m
                  [33mvalue[31m=[32m"LOW"[31m
                [36m>[31m
                  [0mLow[0m
                [36m</option>[31m
                [36m<option[31m
                  [33mvalue[31m=[32m"MEDIUM"[31m
                [36m>[31m
                  [0mMedium[0m
                [36m</option>[31m
                [36m<option[31m
                  [33mvalue[31m=[32m"HIGH"[31m
                [36m>[31m
                  [0mHigh[0m
                [36m</option>[31m
              [36m</select>[31m
            [36m</div>[31m
            [36m<div>[31m
              [36m<label[31m
                [33mclass[31m=[32m"block text-sm font-medium text-slate-300 mb-2"[31m
              [36m>[31m
                [0mBoard [0m
                [36m<span[31m
                  [33mclass[31m=[32m"text-red-400"[31m
                [36m>[31m
                  [0m*[0m
                [36m</span>[31m
              [36m</label>[31m
              [36m<select[31m
                [33mclass[31m=[32m"input-field"[31m
                [33mrequired[31m=[32m""[31m
              [36m>[31m
                [36m<option[31m
                  [33mvalue[31m=[32m""[31m
                [36m>[31m
                  [0mSelect a board...[0m
                [36m</option>[31m
              [36m</select>[31m
            [36m</div>[31m
            [36m<div>[31m
              [36m<label[31m
                [33mclass[31m=[32m"block text-sm font-medium text-slate-300 mb-2"[31m
              [36m>[31m
                [0mProject [0m
                [36m<span[31m
                  [33mclass[31m=[32m"text-slate-500"[31m
                [36m>[31m
                  [0m(optional)[0m
                [36m</span>[31m
              [36m</label>[31m
              [36m<select[31m
                [33mclass[31m=[32m"input-field"[31m
              [36m>[31m
                [36m<option[31m
                  [33mvalue[31m=[32m""[31m
                [36m>[31m
                  [0mNo project[0m
                [36m</option>[31m
              [36m</select>[31m
            [36m</div>[31m
            [36m<div>[31m
              [36m<label[31m
                [33mclass[31m=[32m"block text-sm font-medium text-slate-300 mb-2"[31m
              [36m>[31m
                [0mAssignee [0m
                [36m<span[31m
                  [33mclass[31m=[32m"text-slate-500"[31m
                [36m>[31m
                  [0m(optional)[0m
                [36m</span>[31m
              [36m</label>[31m
              [36m<select[31m
                [33mclass[31m=[32m"input-field"[31m
              [36m>[31m
                [36m<option[31m
                  [33mvalue[31m=[32m""[31m
                [36m>[31m
                  [0mUnassigned[0m
                [36m</option>[31m
              [36m</select>[31m
            [36m</div>[31m
            [36m<div>[31m
              [36m<label[31m
                [33mclass[31m=[32m"block text-sm font-medium text-slate-300 mb-2"[31m
              [36m>[31m
                [0mApprover [0m
                [36m<span[31m
                  [33mclass[31m=[32m"text-slate-500"[31m
                [36m>[31m
                  [0m(Team Lead / Admin)[0m
                [36m</span>[31m
              [36m</label>[31m
              [36m<select[31m
                [33mclass[31m=[32m"input-field"[31m
              [36m>[31m
                [36m<option[31m
                  [33mvalue[31m=[32m""[31m
                [36m>[31m
                  [0mNo approver[0m
                [36m</option>[31m
              [36m</select>[31m
            [36m</div>[31m
            [36m<div>[31m
              [36m<label[31m
                [33mclass[31m=[32m"block text-sm font-medium text-slate-300 mb-2"[31m
              [36m>[31m
                [0mDue Date [0m
                [36m<span[31m
                  [33mclass[31m=[32m"text-slate-500"[31m
                [36m>[31m
                  [0m(optional)[0m
                [36m</span>[31m
              [36m</label>[31m
              [36m<input[31m
                [33mclass[31m=[32m"input-field"[31m
                [33mtype[31m=[32m"date"[31m
                [33mvalue[31m=[32m""[31m
              [36m/>[31m
            [36m</div>[31m
            [36m<div[31m
              [33mclass[31m=[32m"flex gap-3 pt-2"[31m
            [36m>[31m
              [36m<button[31m
                [33mclass[31m=[32m"flex-1 btn-secondary"[31m
                [33mtype[31m=[32m"button"[31m
              [36m>[31m
                [0mCancel[0m
              [36m</button>[31m
              [36m<button[31m
                [33mclass[31m=[32m"flex-1 btn-primary flex items-center justify-center gap-2"[31m
                [33mtype[31m=[32m"submit"[31m
              [36m>[31m
                [36m<svg[31m
                  [33mclass[31m=[32m"lucide lucide-plus h-4 w-4"[31m
                  [33mfill[31m=[32m"none"[31m
                  [33mheight[31m=[32m"24"[31m
                  [33mstroke[31m=[32m"currentColor"[31m
                  [33mstroke-linecap[31m=[32m"round"[31m
                  [33mstroke-linejoin[31m=[32m"round"[31m
                  [33mstroke-width[31m=[32m"2"[31m
                  [33mviewBox[31m=[32m"0 0 24 24"[31m
                  [33mwidth[31m=[32m"24"[31m
                  [33mxmlns[31m=[32m"http://www.w3.org/2000/svg"[31m
                [36m>[31m
                  [36m<path[31m
                    [33md[31m=[32m"M5 12h14"[31m
                  [36m/>[31m
                  [36m<path[31m
                    [33md[31m=[32m"M12 5v14"[31m
                  [36m/>[31m
                [36m</svg>[31m
                [0mCreate Task[0m
              [36m</button>[31m
            [36m</div>[31m
          [36m</form>[31m
        [36m</div>[31m
      [36m</div>[31m
    [36m</div>[31m
  [36m</body>[31m
[36m</html>[31m[39m

ΓÄ»ΓÄ»ΓÄ»ΓÄ»ΓÄ»ΓÄ»ΓÄ» Failed Tests 2 ΓÄ»ΓÄ»ΓÄ»ΓÄ»ΓÄ»ΓÄ»ΓÄ»

 FAIL  src/test/CreateTaskModal.test.jsx > CreateTaskModal Component > shows template selector when templates exist
TestingLibraryElementError: Unable to find an element with the text: Use Template. This could be because the text is broken up by multiple elements. In this case, you can provide a function for your text matcher to make your matcher more flexible.

Ignored nodes: comments, script, style
<body>
  <div>
    <div
      class="fixed inset-0 z-50 flex items-center justify-center p-4"
    >
      <div
        class="absolute inset-0 bg-black/60 backdrop-blur-sm"
      />
      <div
        class="relative w-full max-w-lg max-h-[90vh] overflow-hidden glass rounded-2xl shadow-2xl"
      >
        <div
          class="flex items-center justify-between p-6 border-b border-slate-700/50"
        >
          <h2
            class="text-xl font-semibold text-slate-100"
          >
            Create New Task
          </h2>
          <button
            class="p-2 rounded-lg hover:bg-slate-700/50 transition-colors"
          >
            <svg
              class="lucide lucide-x h-5 w-5 text-slate-400"
              fill="none"
              height="24"
              stroke="currentColor"
              stroke-linecap="round"
              stroke-linejoin="round"
              stroke-width="2"
              viewBox="0 0 24 24"
              width="24"
              xmlns="http://www.w3.org/2000/svg"
            >
              <path
                d="M18 6 6 18"
              />
              <path
                d="m6 6 12 12"
              />
            </svg>
          </button>
        </div>
        <form
          class="p-6 space-y-5 overflow-y-auto max-h-[calc(90vh-140px)]"
        >
          <div>
            <label
              class="block text-sm font-medium text-slate-300 mb-2"
            >
              Title 
              <span
                class="text-red-400"
              >
                *
              </span>
            </label>
            <input
              class="input-field"
              placeholder="Enter task title"
              required=""
              type="text"
              value=""
            />
          </div>
          <div>
            <label
              class="block text-sm font-medium text-slate-300 mb-2"
            >
              Description
            </label>
            <textarea
              class="input-field resize-none"
              placeholder="Enter task description"
              rows="3"
            />
          </div>
          <div>
            <label
              class="block text-sm font-medium text-slate-300 mb-2"
            >
              Priority 
              <span
                class="text-red-400"
              >
                *
              </span>
            </label>
            <select
              class="input-field"
              required=""
            >
              <option
                value="LOW"
              >
                Low
              </option>
              <option
                value="MEDIUM"
              >
                Medium
              </option>
              <option
                value="HIGH"
              >
                High
              </option>
            </select>
          </div>
          <div>
            <label
              class="block text-sm font-medium text-slate-300 mb-2"
            >
              Board 
              <span
                class="text-red-400"
              >
                *
              </span>
            </label>
            <select
              class="input-field"
              required=""
            >
              <option
                value=""
              >
                Select a board...
              </option>
            </select>
          </div>
          <div>
            <label
              class="block text-sm font-medium text-slate-300 mb-2"
            >
              Project 
              <span
                class="text-slate-500"
              >
                (optional)
              </span>
            </label>
            <select
              class="input-field"
            >
              <option
                value=""
              >
                No project
              </option>
            </select>
          </div>
          <div>
            <label
              class="block text-sm font-medium text-slate-300 mb-2"
            >
              Assignee 
              <span
                class="text-slate-500"
              >
                (optional)
              </span>
            </label>
            <select
              class="input-field"
            >
              <option
                value=""
              >
                Unassigned
              </option>
            </select>
          </div>
          <div>
            <label
              class="block text-sm font-medium text-slate-300 mb-2"
            >
              Approver 
              <span
                class="text-slate-500"
              >
                (Team Lead / Admin)
              </span>
            </label>
            <select
              class="input-field"
            >
              <option
                value=""
              >
                No approver
              </option>
            </select>
          </div>
          <div>
            <label
              class="block text-sm font-medium text-slate-300 mb-2"
            >
              Due Date 
              <span
                class="text-slate-500"
              >
                (optional)
              </span>
            </label>
            <input
              class="input-field"
              type="date"
              value=""
            />
          </div>
          <div
            class="flex gap-3 pt-2"
          >
            <button
              class="flex-1 btn-secondary"
              type="button"
            >
              Cancel
            </button>
            <button
              class="flex-1 btn-primary flex items-center justify-center gap-2"
              type="submit"
            >
              <svg
                class="lucide lucide-plus h-4 w-4"
                fill="none"
                height="24"
                stroke="currentColor"
                stroke-linecap="round"
                stroke-linejoin="round"
                stroke-width="2"
                viewBox="0 0 24 24"
                width="24"
                xmlns="http://www.w3.org/2000/svg"
              >
                <path
                  d="M5 12h14"
                />
                <path
                  d="M12 5v14"
                />
              </svg>
              Create Task
            </button>
          </div>
        </form>
      </div>
    </div>
  </div>
</body>

Ignored nodes: comments, script, style
<html>
  <head />
  <body>
    <div>
      <div
        class="fixed inset-0 z-50 flex items-center justify-center p-4"
      >
        <div
          class="absolute inset-0 bg-black/60 backdrop-blur-sm"
        />
        <div
          class="relative w-full max-w-lg max-h-[90vh] overflow-hidden glass rounded-2xl shadow-2xl"
        >
          <div
            class="flex items-center justify-between p-6 border-b border-slate-700/50"
          >
            <h2
              class="text-xl font-semibold text-slate-100"
            >
              Create New Task
            </h2>
            <button
              class="p-2 rounded-lg hover:bg-slate-700/50 transition-colors"
            >
              <svg
                class="lucide lucide-x h-5 w-5 text-slate-400"
                fill="none"
                height="24"
                stroke="currentColor"
                stroke-linecap="round"
                stroke-linejoin="round"
                stroke-width="2"
                viewBox="0 0 24 24"
                width="24"
                xmlns="http://www.w3.org/2000/svg"
              >
                <path
                  d="M18 6 6 18"
                />
                <path
                  d="m6 6 12 12"
                />
              </svg>
            </button>
          </div>
          <form
            class="p-6 space-y-5 overflow-y-auto max-h-[calc(90vh-140px)]"
          >
            <div>
              <label
                class="block text-sm font-medium text-slate-300 mb-2"
              >
                Title 
                <span
                  class="text-red-400"
                >
                  *
                </span>
              </label>
              <input
                class="input-field"
                placeholder="Enter task title"
                required=""
                type="text"
                value=""
              />
            </div>
            <div>
              <label
                class="block text-sm font-medium text-slate-300 mb-2"
              >
                Description
              </label>
              <textarea
                class="input-field resize-none"
                placeholder="Enter task description"
                rows="3"
              />
            </div>
            <div>
              <label
                class="block text-sm font-medium text-slate-300 mb-2"
              >
                Priority 
                <span
                  class="text-red-400"
                >
                  *
                </span>
              </label>
              <select
                class="input-field"
                required=""
              >
                <option
                  value="LOW"
                >
                  Low
                </option>
                <option
                  value="MEDIUM"
                >
                  Medium
                </option>
                <option
                  value="HIGH"
                >
                  High
                </option>
              </select>
            </div>
            <div>
              <label
                class="block text-sm font-medium text-slate-300 mb-2"
              >
                Board 
                <span
                  class="text-red-400"
                >
                  *
                </span>
              </label>
              <select
                class="input-field"
                required=""
              >
                <option
                  value=""
                >
                  Select a board...
                </option>
              </select>
            </div>
            <div>
              <label
                class="block text-sm font-medium text-slate-300 mb-2"
              >
                Project 
                <span
                  class="text-slate-500"
                >
                  (optional)
                </span>
              </label>
              <select
                class="input-field"
              >
                <option
                  value=""
                >
                  No project
                </option>
              </select>
            </div>
            <div>
              <label
                class="block text-sm font-medium text-slate-300 mb-2"
              >
                Assignee 
                <span
                  class="text-slate-500"
                >
                  (optional)
                </span>
              </label>
              <select
                class="input-field"
              >
                <option
                  value=""
                >
                  Unassigned
                </option>
              </select>
            </div>
            <div>
              <label
                class="block text-sm font-medium text-slate-300 mb-2"
              >
                Approver 
                <span
                  class="text-slate-500"
                >
                  (Team Lead / Admin)
                </span>
              </label>
              <select
                class="input-field"
              >
                <option
                  value=""
                >
                  No approver
                </option>
              </select>
            </div>
            <div>
              <label
                class="block text-sm font-medium text-slate-300 mb-2"
              >
                Due Date 
                <span
                  class="text-slate-500"
                >
                  (optional)
                </span>
              </label>
              <input
                class="input-field"
                type="date"
                value=""
              />
            </div>
            <div
              class="flex gap-3 pt-2"
            >
              <button
                class="flex-1 btn-secondary"
                type="button"
              >
                Cancel
              </button>
              <button
                class="flex-1 btn-primary flex items-center justify-center gap-2"
                type="submit"
              >
                <svg
                  class="lucide lucide-plus h-4 w-4"
                  fill="none"
                  height="24"
                  stroke="currentColor"
                  stroke-linecap="round"
                  stroke-linejoin="round"
                  stroke-width="2"
                  viewBox="0 0 24 24"
                  width="24"
                  xmlns="http://www.w3.org/2000/svg"
                >
                  <path
                    d="M5 12h14"
                  />
                  <path
                    d="M12 5v14"
                  />
                </svg>
                Create Task
              </button>
            </div>
          </form>
        </div>
      </div>
    </div>
  </body>
</html>
 Γ¥» Proxy.waitForWrapper node_modules/@testing-library/dom/dist/wait-for.js:163:27
 Γ¥» src/test/CreateTaskModal.test.jsx:84:15
     82|         );
     83| 
     84|         await waitFor(() => {
       |               ^
     85|             expect(screen.getByText('Use Template')).toBeInTheDocumentΓÇª
     86|             expect(screen.getByText('Bug Report')).toBeInTheDocument();

ΓÄ»ΓÄ»ΓÄ»ΓÄ»ΓÄ»ΓÄ»ΓÄ»ΓÄ»ΓÄ»ΓÄ»ΓÄ»ΓÄ»ΓÄ»ΓÄ»ΓÄ»ΓÄ»ΓÄ»ΓÄ»ΓÄ»ΓÄ»ΓÄ»ΓÄ»ΓÄ»ΓÄ»[1/2]ΓÄ»

 FAIL  src/test/CreateTaskModal.test.jsx > CreateTaskModal Component > submits form with task data
AssertionError: expected "vi.fn()" to be called with arguments: [ '/tasks', ObjectContaining{ΓÇª} ]

Number of calls: 0


Ignored nodes: comments, script, style
<html>
  <head />
  <body>
    <div>
      <div
        class="fixed inset-0 z-50 flex items-center justify-center p-4"
      >
        <div
          class="absolute inset-0 bg-black/60 backdrop-blur-sm"
        />
        <div
          class="relative w-full max-w-lg max-h-[90vh] overflow-hidden glass rounded-2xl shadow-2xl"
        >
          <div
            class="flex items-center justify-between p-6 border-b border-slate-700/50"
          >
            <h2
              class="text-xl font-semibold text-slate-100"
            >
              Create New Task
            </h2>
            <button
              class="p-2 rounded-lg hover:bg-slate-700/50 transition-colors"
            >
              <svg
                class="lucide lucide-x h-5 w-5 text-slate-400"
                fill="none"
                height="24"
                stroke="currentColor"
                stroke-linecap="round"
                stroke-linejoin="round"
                stroke-width="2"
                viewBox="0 0 24 24"
                width="24"
                xmlns="http://www.w3.org/2000/svg"
              >
                <path
                  d="M18 6 6 18"
                />
                <path
                  d="m6 6 12 12"
                />
              </svg>
            </button>
          </div>
          <form
            class="p-6 space-y-5 overflow-y-auto max-h-[calc(90vh-140px)]"
          >
            <div>
              <label
                class="block text-sm font-medium text-slate-300 mb-2"
              >
                Title 
                <span
                  class="text-red-400"
                >
                  *
                </span>
              </label>
              <input
                class="input-field"
                placeholder="Enter task title"
                required=""
                type="text"
                value="New Task"
              />
            </div>
            <div>
              <label
                class="block text-sm font-medium text-slate-300 mb-2"
              >
                Description
              </label>
              <textarea
                class="input-field resize-none"
                placeholder="Enter task description"
                rows="3"
              />
            </div>
            <div>
              <label
                class="block text-sm font-medium text-slate-300 mb-2"
              >
                Priority 
                <span
                  class="text-red-400"
                >
                  *
                </span>
              </label>
              <select
                class="input-field"
                required=""
              >
                <option
                  value="LOW"
                >
                  Low
                </option>
                <option
                  value="MEDIUM"
                >
                  Medium
                </option>
                <option
                  value="HIGH"
                >
                  High
                </option>
              </select>
            </div>
            <div>
              <label
                class="block text-sm font-medium text-slate-300 mb-2"
              >
                Board 
                <span
                  class="text-red-400"
                >
                  *
                </span>
              </label>
              <select
                class="input-field"
                required=""
              >
                <option
                  value=""
                >
                  Select a board...
                </option>
              </select>
            </div>
            <div>
              <label
                class="block text-sm font-medium text-slate-300 mb-2"
              >
                Project 
                <span
                  class="text-slate-500"
                >
                  (optional)
                </span>
              </label>
              <select
                class="input-field"
              >
                <option
                  value=""
                >
                  No project
                </option>
              </select>
            </div>
            <div>
              <label
                class="block text-sm font-medium text-slate-300 mb-2"
              >
                Assignee 
                <span
                  class="text-slate-500"
                >
                  (optional)
                </span>
              </label>
              <select
                class="input-field"
              >
                <option
                  value=""
                >
                  Unassigned
                </option>
              </select>
            </div>
            <div>
              <label
                class="block text-sm font-medium text-slate-300 mb-2"
              >
                Approver 
                <span
                  class="text-slate-500"
                >
                  (Team Lead / Admin)
                </span>
              </label>
              <select
                class="input-field"
              >
                <option
                  value=""
                >
                  No approver
                </option>
              </select>
            </div>
            <div>
              <label
                class="block text-sm font-medium text-slate-300 mb-2"
              >
                Due Date 
                <span
                  class="text-slate-500"
                >
                  (optional)
                </span>
              </label>
              <input
                class="input-field"
                type="date"
                value=""
              />
            </div>
            <div
              class="flex gap-3 pt-2"
            >
              <button
                class="flex-1 btn-secondary"
                type="button"
              >
                Cancel
              </button>
              <button
                class="flex-1 btn-primary flex items-center justify-center gap-2"
                type="submit"
              >
                <svg
                  class="lucide lucide-plus h-4 w-4"
                  fill="none"
                  height="24"
                  stroke="currentColor"
                  stroke-linecap="round"
                  stroke-linejoin="round"
                  stroke-width="2"
                  viewBox="0 0 24 24"
                  width="24"
                  xmlns="http://www.w3.org/2000/svg"
                >
                  <path
                    d="M5 12h14"
                  />
                  <path
                    d="M12 5v14"
                  />
                </svg>
                Create Task
              </button>
            </div>
          </form>
        </div>
      </div>
    </div>
  </body>
</html>
 Γ¥» src/test/CreateTaskModal.test.jsx:111:30
    109| 
    110|         await waitFor(() => {
    111|             expect(api.post).toHaveBeenCalledWith('/tasks', expect.objΓÇª
       |                              ^
    112|                 title: 'New Task',
    113|                 priority: 'MEDIUM',
 Γ¥» runWithExpensiveErrorDiagnosticsDisabled node_modules/@testing-library/dom/dist/config.js:47:12
 Γ¥» checkCallback node_modules/@testing-library/dom/dist/wait-for.js:124:77
 Γ¥» Timeout.checkRealTimersCallback node_modules/@testing-library/dom/dist/wait-for.js:118:16

ΓÄ»ΓÄ»ΓÄ»ΓÄ»ΓÄ»ΓÄ»ΓÄ»ΓÄ»ΓÄ»ΓÄ»ΓÄ»ΓÄ»ΓÄ»ΓÄ»ΓÄ»ΓÄ»ΓÄ»ΓÄ»ΓÄ»ΓÄ»ΓÄ»ΓÄ»ΓÄ»ΓÄ»[2/2]ΓÄ»


[2m Test Files [22m [1m[31m1 failed[39m[22m[2m | [22m[1m[32m3 passed[39m[22m[90m (4)[39m
[2m      Tests [22m [1m[31m2 failed[39m[22m[2m | [22m[1m[32m15 passed[39m[22m[90m (17)[39m
[2m   Start at [22m 16:02:03
[2m   Duration [22m 5.33s[2m (transform 736ms, setup 924ms, import 2.90s, tests 3.57s, environment 7.19s)[22m

